<venv>/lib/python3.11/site-packages/matplotlib/_fontconfig_pattern.py:64: PyparsingDeprecationWarning: 'oneOf' deprecated - use 'one_of'
  prop = Group((name + Suppress("=") + comma_separated(value)) | oneOf(_CONSTANTS))
<venv>/lib/python3.11/site-packages/matplotlib/_fontconfig_pattern.py:85: PyparsingDeprecationWarning: 'parseString' deprecated - use 'parse_string'
  parse = parser.parseString(pattern)
<venv>/lib/python3.11/site-packages/matplotlib/_fontconfig_pattern.py:89: PyparsingDeprecationWarning: 'resetCache' deprecated - use 'reset_cache'
  parser.resetCache()
<venv>/lib/python3.11/site-packages/matplotlib/_fontconfig_pattern.py:85: PyparsingDeprecationWarning: 'parseString' deprecated - use 'parse_string'
  parse = parser.parseString(pattern)
<venv>/lib/python3.11/site-packages/matplotlib/_fontconfig_pattern.py:89: PyparsingDeprecationWarning: 'resetCache' deprecated - use 'reset_cache'
  parser.resetCache()
<venv>/lib/python3.11/site-packages/matplotlib/_fontconfig_pattern.py:85: PyparsingDeprecationWarning: 'parseString' deprecated - use 'parse_string'
  parse = parser.parseString(pattern)
<venv>/lib/python3.11/site-packages/matplotlib/_fontconfig_pattern.py:89: PyparsingDeprecationWarning: 'resetCache' deprecated - use 'reset_cache'
  parser.resetCache()
<venv>/lib/python3.11/site-packages/matplotlib/_fontconfig_pattern.py:85: PyparsingDeprecationWarning: 'parseString' deprecated - use 'parse_string'
  parse = parser.parseString(pattern)
<venv>/lib/python3.11/site-packages/matplotlib/_fontconfig_pattern.py:89: PyparsingDeprecationWarning: 'resetCache' deprecated - use 'reset_cache'
  parser.resetCache()
<venv>/lib/python3.11/site-packages/matplotlib/_fontconfig_pattern.py:85: PyparsingDeprecationWarning: 'parseString' deprecated - use 'parse_string'
  parse = parser.parseString(pattern)
<venv>/lib/python3.11/site-packages/matplotlib/_fontconfig_pattern.py:89: PyparsingDeprecationWarning: 'resetCache' deprecated - use 'reset_cache'
  parser.resetCache()
<venv>/lib/python3.11/site-packages/matplotlib/_fontconfig_pattern.py:85: PyparsingDeprecationWarning: 'parseString' deprecated - use 'parse_string'
  parse = parser.parseString(pattern)
<venv>/lib/python3.11/site-packages/matplotlib/_fontconfig_pattern.py:89: PyparsingDeprecationWarning: 'resetCache' deprecated - use 'reset_cache'
  parser.resetCache()
CV fold 1/5: catboost finished in 494.4s
CV fold 1/5: xgboost finished in 7.8s
CV fold 1/5: lightgbm finished in 7.4s
CV fold 1/5: dummy finished in 0.6s
Traceback (most recent call last):
  File "<task-root>/outputs/ML-model-to-predict-office-categories/train_evaluate.py", line 5, in <module>
    main()
  File "<task-root>/outputs/ML-model-to-predict-office-categories/office_ml/train.py", line 261, in main
    evaluate(root, output, args.smoke)
  File "<task-root>/outputs/ML-model-to-predict-office-categories/office_ml/train.py", line 112, in evaluate
    cv, timings = collect_cv(X.iloc[dev], y.iloc[dev], output, params, manifest["folds"])
                  ^^^^^^^^^^^^^^^^^^^^^^^^^^^^^^^^^^^^^^^^^^^^^^^^^^^^^^^^^^^^^^^^^^^^^^^
  File "<task-root>/outputs/ML-model-to-predict-office-categories/office_ml/train.py", line 76, in collect_cv
    pipeline.fit(X.iloc[train_idx], y.iloc[train_idx])
  File "<venv>/lib/python3.11/site-packages/sklearn/base.py", line 1389, in wrapper
    return fit_method(estimator, *args, **kwargs)
           ^^^^^^^^^^^^^^^^^^^^^^^^^^^^^^^^^^^^^^
  File "<venv>/lib/python3.11/site-packages/sklearn/pipeline.py", line 662, in fit
    self._final_estimator.fit(Xt, y, **last_step_params["fit"])
  File "<venv>/lib/python3.11/site-packages/catboost/core.py", line 5245, in fit
    self._fit(X, y, cat_features, text_features, embedding_features, None, graph, sample_weight, None, None, None, None, baseline, use_best_model,
  File "<venv>/lib/python3.11/site-packages/catboost/core.py", line 2410, in _fit
    self._train(
  File "<venv>/lib/python3.11/site-packages/catboost/core.py", line 1790, in _train
    self._object._train(train_pool, test_pool, params, allow_clear_pool, init_model._object if init_model else None)
  File "_catboost.pyx", line 5023, in _catboost._CatBoost._train
  File "_catboost.pyx", line 5072, in _catboost._CatBoost._train
KeyboardInterrupt
